2026-08-27 09:27:14 INFO  [73299176-e758-4c9c-87d3-4fc6c3aa5546] c.e.f.log.LogTestController : [INFO] 안내
2026-08-27 09:27:14 WARN  [73299176-e758-4c9c-87d3-4fc6c3aa5546] c.e.f.log.LogTestController : [WARN] 위험
2026-08-27 09:27:14 ERROR [73299176-e758-4c9c-87d3-4fc6c3aa5546] c.e.f.log.LogTestController : [ERROR] 에러
2026-08-27 09:27:14 INFO  [bd6ee9d9-7def-4e20-9a21-31c6ae473b04] c.e.f.log.LogTestController : [INFO] 안내
2026-08-27 09:27:14 WARN  [bd6ee9d9-7def-4e20-9a21-31c6ae473b04] c.e.f.log.LogTestController : [WARN] 위험
2026-08-27 09:27:14 ERROR [bd6ee9d9-7def-4e20-9a21-31c6ae473b04] c.e.f.log.LogTestController : [ERROR] 에러
2026-08-27 09:27:14 INFO  [7be480e8-53e6-4d62-afec-30ec4b40d56f] c.e.f.log.LogTestController : [INFO] 안내
2026-08-27 09:27:14 WARN  [7be480e8-53e6-4d62-afec-30ec4b40d56f] c.e.f.log.LogTestController : [WARN] 위험
2026-08-27 09:27:14 ERROR [7be480e8-53e6-4d62-afec-30ec4b40d56f] c.e.f.log.LogTestController : [ERROR] 에러
2026-08-27 09:27:14 INFO  [b8e5e92d-8100-4ff8-8844-bcb2cdba7572] c.e.f.log.LogTestController : [INFO] 안내
2026-08-27 09:27:14 WARN  [b8e5e92d-8100-4ff8-8844-bcb2cdba7572] c.e.f.log.LogTestController : [WARN] 위험
2026-08-27 09:27:14 ERROR [b8e5e92d-8100-4ff8-8844-bcb2cdba7572] c.e.f.log.LogTestController : [ERROR] 에러
2026-08-27 09:27:14 INFO  [97ca9695-b8c5-4993-9a58-8a8f9d787fc7] c.e.f.log.LogTestController : [INFO] 안내
2026-08-27 09:27:14 WARN  [97ca9695-b8c5-4993-9a58-8a8f9d787fc7] c.e.f.log.LogTestController : [WARN] 위험
2026-08-27 09:27:14 ERROR [97ca9695-b8c5-4993-9a58-8a8f9d787fc7] c.e.f.log.LogTestController : [ERROR] 에러
2026-08-27 09:27:15 INFO  [80150a76-afdd-4c74-a700-f72a37e52b2f] c.e.f.log.LogTestController : [INFO] 안내
2026-08-27 09:27:15 WARN  [80150a76-afdd-4c74-a700-f72a37e52b2f] c.e.f.log.LogTestController : [WARN] 위험
2026-08-27 09:27:15 ERROR [80150a76-afdd-4c74-a700-f72a37e52b2f] c.e.f.log.LogTestController : [ERROR] 에러
2026-08-27 09:27:15 INFO  [7fe2105a-2db2-48ea-8c51-84f296aac447] c.e.f.log.LogTestController : [INFO] 안내
2026-08-27 09:27:15 WARN  [7fe2105a-2db2-48ea-8c51-84f296aac447] c.e.f.log.LogTestController : [WARN] 위험
2026-08-27 09:27:15 ERROR [7fe2105a-2db2-48ea-8c51-84f296aac447] c.e.f.log.LogTestController : [ERROR] 에러
2026-08-27 09:27:15 INFO  [c94b8906-33ab-4a76-bf23-9303c4a486f4] c.e.f.log.LogTestController : [INFO] 안내
2026-08-27 09:27:15 WARN  [c94b8906-33ab-4a76-bf23-9303c4a486f4] c.e.f.log.LogTestController : [WARN] 위험
2026-08-27 09:27:15 ERROR [c94b8906-33ab-4a76-bf23-9303c4a486f4] c.e.f.log.LogTestController : [ERROR] 에러
2026-08-27 09:27:26 INFO  [2ac24038-76f9-49d4-aef1-ae55caa560e7] c.e.f.log.LogTestController : [INFO] 안내
2026-08-27 09:27:26 WARN  [2ac24038-76f9-49d4-aef1-ae55caa560e7] c.e.f.log.LogTestController : [WARN] 위험
2026-08-27 09:27:26 ERROR [2ac24038-76f9-49d4-aef1-ae55caa560e7] c.e.f.log.LogTestController : [ERROR] 에러
2026-08-27 09:27:26 INFO  [0c8df3e5-a1f4-4b46-bd0f-ff33be861e3e] c.e.f.log.LogTestController : [INFO] 안내
2026-08-27 09:27:26 WARN  [0c8df3e5-a1f4-4b46-bd0f-ff33be861e3e] c.e.f.log.LogTestController : [WARN] 위험
2026-08-27 09:27:26 ERROR [0c8df3e5-a1f4-4b46-bd0f-ff33be861e3e] c.e.f.log.LogTestController : [ERROR] 에러
2026-08-27 09:27:26 INFO  [65d9b31f-dcb6-4373-a6fd-e7a7786c0189] c.e.f.log.LogTestController : [INFO] 안내
2026-08-27 09:27:26 WARN  [65d9b31f-dcb6-4373-a6fd-e7a7786c0189] c.e.f.log.LogTestController : [WARN] 위험
2026-08-27 09:27:26 ERROR [65d9b31f-dcb6-4373-a6fd-e7a7786c0189] c.e.f.log.LogTestController : [ERROR] 에러
2026-08-27 09:27:26 INFO  [145af064-2462-453a-aea9-44ade54940bf] c.e.f.log.LogTestController : [INFO] 안내
2026-08-27 09:27:26 WARN  [145af064-2462-453a-aea9-44ade54940bf] c.e.f.log.LogTestController : [WARN] 위험
2026-08-27 09:27:26 ERROR [145af064-2462-453a-aea9-44ade54940bf] c.e.f.log.LogTestController : [ERROR] 에러
2026-08-27 09:27:26 INFO  [38bb41f5-8506-4804-8590-e670297f6e07] c.e.f.log.LogTestController : [INFO] 안내
2026-08-27 09:27:26 WARN  [38bb41f5-8506-4804-8590-e670297f6e07] c.e.f.log.LogTestController : [WARN] 위험
2026-08-27 09:27:26 ERROR [38bb41f5-8506-4804-8590-e670297f6e07] c.e.f.log.LogTestController : [ERROR] 에러
2026-08-27 09:27:27 INFO  [389a41d7-413a-46ff-aa72-9a3db51467f2] c.e.f.log.LogTestController : [INFO] 안내
2026-08-27 09:27:27 WARN  [389a41d7-413a-46ff-aa72-9a3db51467f2] c.e.f.log.LogTestController : [WARN] 위험
2026-08-27 09:27:27 ERROR [389a41d7-413a-46ff-aa72-9a3db51467f2] c.e.f.log.LogTestController : [ERROR] 에러
2026-08-27 09:27:27 INFO  [ad8faf40-5ce0-4f93-a86f-d3e0a65cbd91] c.e.f.log.LogTestController : [INFO] 안내
2026-08-27 09:27:27 WARN  [ad8faf40-5ce0-4f93-a86f-d3e0a65cbd91] c.e.f.log.LogTestController : [WARN] 위험
2026-08-27 09:27:27 ERROR [ad8faf40-5ce0-4f93-a86f-d3e0a65cbd91] c.e.f.log.LogTestController : [ERROR] 에러
2026-08-27 09:27:27 INFO  [e0889e67-b319-4848-a49d-9198a3abfd58] c.e.f.log.LogTestController : [INFO] 안내
2026-08-27 09:27:27 WARN  [e0889e67-b319-4848-a49d-9198a3abfd58] c.e.f.log.LogTestController : [WARN] 위험
2026-08-27 09:27:27 ERROR [e0889e67-b319-4848-a49d-9198a3abfd58] c.e.f.log.LogTestController : [ERROR] 에러
2026-08-27 09:27:27 INFO  [d9fbfa17-337a-4596-8bd3-48e35b83299b] c.e.f.log.LogTestController : [INFO] 안내
2026-08-27 09:27:27 WARN  [d9fbfa17-337a-4596-8bd3-48e35b83299b] c.e.f.log.LogTestController : [WARN] 위험
2026-08-27 09:27:27 ERROR [d9fbfa17-337a-4596-8bd3-48e35b83299b] c.e.f.log.LogTestController : [ERROR] 에러
