2026-08-27 07:56:00 INFO  [403750da-2898-4d40-96b8-c7e7b4a76e98] c.e.f.log.LogTestController : [INFO] 안내
2026-08-27 07:56:00 WARN  [403750da-2898-4d40-96b8-c7e7b4a76e98] c.e.f.log.LogTestController : [WARN] 위험
2026-08-27 07:56:00 ERROR [403750da-2898-4d40-96b8-c7e7b4a76e98] c.e.f.log.LogTestController : [ERROR] 에러
2026-08-27 07:56:00 INFO  [a6ae0148-c746-49e0-b217-ad4d69261604] c.e.f.log.LogTestController : [INFO] 안내
2026-08-27 07:56:00 WARN  [a6ae0148-c746-49e0-b217-ad4d69261604] c.e.f.log.LogTestController : [WARN] 위험
2026-08-27 07:56:00 ERROR [a6ae0148-c746-49e0-b217-ad4d69261604] c.e.f.log.LogTestController : [ERROR] 에러
2026-08-27 07:56:00 INFO  [da5fa461-4202-427b-87f5-925377782efd] c.e.f.log.LogTestController : [INFO] 안내
2026-08-27 07:56:00 WARN  [da5fa461-4202-427b-87f5-925377782efd] c.e.f.log.LogTestController : [WARN] 위험
2026-08-27 07:56:00 ERROR [da5fa461-4202-427b-87f5-925377782efd] c.e.f.log.LogTestController : [ERROR] 에러
2026-08-27 07:56:00 INFO  [5c8c83f7-5191-4bcd-bb74-f7d5f476cd7a] c.e.f.log.LogTestController : [INFO] 안내
2026-08-27 07:56:00 WARN  [5c8c83f7-5191-4bcd-bb74-f7d5f476cd7a] c.e.f.log.LogTestController : [WARN] 위험
2026-08-27 07:56:00 ERROR [5c8c83f7-5191-4bcd-bb74-f7d5f476cd7a] c.e.f.log.LogTestController : [ERROR] 에러
2026-08-27 07:56:00 INFO  [e7b3c05f-65eb-4336-9d7c-5cdcb132e088] c.e.f.log.LogTestController : [INFO] 안내
2026-08-27 07:56:00 WARN  [e7b3c05f-65eb-4336-9d7c-5cdcb132e088] c.e.f.log.LogTestController : [WARN] 위험
2026-08-27 07:56:00 ERROR [e7b3c05f-65eb-4336-9d7c-5cdcb132e088] c.e.f.log.LogTestController : [ERROR] 에러
2026-08-27 07:56:00 INFO  [fb0c9a91-9e4a-4ac8-936b-7fd714b56161] c.e.f.log.LogTestController : [INFO] 안내
2026-08-27 07:56:00 WARN  [fb0c9a91-9e4a-4ac8-936b-7fd714b56161] c.e.f.log.LogTestController : [WARN] 위험
2026-08-27 07:56:00 ERROR [fb0c9a91-9e4a-4ac8-936b-7fd714b56161] c.e.f.log.LogTestController : [ERROR] 에러
2026-08-27 07:56:01 INFO  [0f32ca1e-b7bb-405a-8da3-39544426f848] c.e.f.log.LogTestController : [INFO] 안내
2026-08-27 07:56:01 WARN  [0f32ca1e-b7bb-405a-8da3-39544426f848] c.e.f.log.LogTestController : [WARN] 위험
2026-08-27 07:56:01 ERROR [0f32ca1e-b7bb-405a-8da3-39544426f848] c.e.f.log.LogTestController : [ERROR] 에러
2026-08-27 07:56:01 INFO  [9aaa6e60-b57c-4ba4-906c-07ec1dee44b0] c.e.f.log.LogTestController : [INFO] 안내
2026-08-27 07:56:01 WARN  [9aaa6e60-b57c-4ba4-906c-07ec1dee44b0] c.e.f.log.LogTestController : [WARN] 위험
2026-08-27 07:56:01 ERROR [9aaa6e60-b57c-4ba4-906c-07ec1dee44b0] c.e.f.log.LogTestController : [ERROR] 에러
2026-08-27 07:56:01 INFO  [da65857e-2b80-4e29-88c1-749d3d9b0b20] c.e.f.log.LogTestController : [INFO] 안내
2026-08-27 07:56:01 WARN  [da65857e-2b80-4e29-88c1-749d3d9b0b20] c.e.f.log.LogTestController : [WARN] 위험
2026-08-27 07:56:01 ERROR [da65857e-2b80-4e29-88c1-749d3d9b0b20] c.e.f.log.LogTestController : [ERROR] 에러
2026-08-27 07:56:01 INFO  [54c9e75b-0c13-43ec-ab4f-d23242bd7442] c.e.f.log.LogTestController : [INFO] 안내
2026-08-27 07:56:01 WARN  [54c9e75b-0c13-43ec-ab4f-d23242bd7442] c.e.f.log.LogTestController : [WARN] 위험
2026-08-27 07:56:01 ERROR [54c9e75b-0c13-43ec-ab4f-d23242bd7442] c.e.f.log.LogTestController : [ERROR] 에러
2026-08-27 07:56:01 INFO  [15d797a7-6673-4f55-8f5c-c392d4a62920] c.e.f.log.LogTestController : [INFO] 안내
2026-08-27 07:56:01 WARN  [15d797a7-6673-4f55-8f5c-c392d4a62920] c.e.f.log.LogTestController : [WARN] 위험
2026-08-27 07:56:01 ERROR [15d797a7-6673-4f55-8f5c-c392d4a62920] c.e.f.log.LogTestController : [ERROR] 에러
2026-08-27 07:56:02 INFO  [06347d10-6e53-497d-93dd-d38060c68fad] c.e.f.log.LogTestController : [INFO] 안내
2026-08-27 07:56:02 WARN  [06347d10-6e53-497d-93dd-d38060c68fad] c.e.f.log.LogTestController : [WARN] 위험
2026-08-27 07:56:02 ERROR [06347d10-6e53-497d-93dd-d38060c68fad] c.e.f.log.LogTestController : [ERROR] 에러
2026-08-27 07:56:02 INFO  [e6dcfbd2-06ab-4ef8-9098-20855eddcbbb] c.e.f.log.LogTestController : [INFO] 안내
2026-08-27 07:56:02 WARN  [e6dcfbd2-06ab-4ef8-9098-20855eddcbbb] c.e.f.log.LogTestController : [WARN] 위험
2026-08-27 07:56:02 ERROR [e6dcfbd2-06ab-4ef8-9098-20855eddcbbb] c.e.f.log.LogTestController : [ERROR] 에러
2026-08-27 07:56:03 INFO  [13521eea-9c3a-4e5c-b836-a674164ec3ff] c.e.f.log.LogTestController : [INFO] 안내
2026-08-27 07:56:03 WARN  [13521eea-9c3a-4e5c-b836-a674164ec3ff] c.e.f.log.LogTestController : [WARN] 위험
2026-08-27 07:56:03 ERROR [13521eea-9c3a-4e5c-b836-a674164ec3ff] c.e.f.log.LogTestController : [ERROR] 에러
2026-08-27 07:56:03 INFO  [5292ad9b-4e8f-4e98-a658-cc82f499b368] c.e.f.log.LogTestController : [INFO] 안내
2026-08-27 07:56:03 WARN  [5292ad9b-4e8f-4e98-a658-cc82f499b368] c.e.f.log.LogTestController : [WARN] 위험
2026-08-27 07:56:03 ERROR [5292ad9b-4e8f-4e98-a658-cc82f499b368] c.e.f.log.LogTestController : [ERROR] 에러
2026-08-27 07:56:03 INFO  [074f777a-6beb-4a5b-9537-fe1953b5d51e] c.e.f.log.LogTestController : [INFO] 안내
2026-08-27 07:56:03 WARN  [074f777a-6beb-4a5b-9537-fe1953b5d51e] c.e.f.log.LogTestController : [WARN] 위험
2026-08-27 07:56:03 ERROR [074f777a-6beb-4a5b-9537-fe1953b5d51e] c.e.f.log.LogTestController : [ERROR] 에러
2026-08-27 07:56:03 INFO  [3b99727d-bb6e-4eef-9cbf-a43e52fab660] c.e.f.log.LogTestController : [INFO] 안내
2026-08-27 07:56:03 WARN  [3b99727d-bb6e-4eef-9cbf-a43e52fab660] c.e.f.log.LogTestController : [WARN] 위험
2026-08-27 07:56:03 ERROR [3b99727d-bb6e-4eef-9cbf-a43e52fab660] c.e.f.log.LogTestController : [ERROR] 에러
2026-08-27 07:56:03 INFO  [27122482-a53a-41fa-91e4-b66999a90e2c] c.e.f.log.LogTestController : [INFO] 안내
2026-08-27 07:56:03 WARN  [27122482-a53a-41fa-91e4-b66999a90e2c] c.e.f.log.LogTestController : [WARN] 위험
2026-08-27 07:56:03 ERROR [27122482-a53a-41fa-91e4-b66999a90e2c] c.e.f.log.LogTestController : [ERROR] 에러
2026-08-27 07:56:03 INFO  [c59c38ee-072c-41f6-95d3-b4a92db60913] c.e.f.log.LogTestController : [INFO] 안내
2026-08-27 07:56:03 WARN  [c59c38ee-072c-41f6-95d3-b4a92db60913] c.e.f.log.LogTestController : [WARN] 위험
2026-08-27 07:56:03 ERROR [c59c38ee-072c-41f6-95d3-b4a92db60913] c.e.f.log.LogTestController : [ERROR] 에러
2026-08-27 07:56:04 INFO  [00a413f8-a81a-4f13-a540-fa5c3ec6ace2] c.e.f.log.LogTestController : [INFO] 안내
2026-08-27 07:56:04 WARN  [00a413f8-a81a-4f13-a540-fa5c3ec6ace2] c.e.f.log.LogTestController : [WARN] 위험
2026-08-27 07:56:04 ERROR [00a413f8-a81a-4f13-a540-fa5c3ec6ace2] c.e.f.log.LogTestController : [ERROR] 에러
2026-08-27 07:56:04 INFO  [c9d04922-1000-4c52-a827-fc1432a0013f] c.e.f.log.LogTestController : [INFO] 안내
2026-08-27 07:56:04 WARN  [c9d04922-1000-4c52-a827-fc1432a0013f] c.e.f.log.LogTestController : [WARN] 위험
2026-08-27 07:56:04 ERROR [c9d04922-1000-4c52-a827-fc1432a0013f] c.e.f.log.LogTestController : [ERROR] 에러
2026-08-27 07:56:04 INFO  [0ace0775-710c-4985-89a7-592f9ed5a9ca] c.e.f.log.LogTestController : [INFO] 안내
2026-08-27 07:56:04 WARN  [0ace0775-710c-4985-89a7-592f9ed5a9ca] c.e.f.log.LogTestController : [WARN] 위험
2026-08-27 07:56:04 ERROR [0ace0775-710c-4985-89a7-592f9ed5a9ca] c.e.f.log.LogTestController : [ERROR] 에러
2026-08-27 07:56:04 INFO  [1d1b47ae-5eb6-4b13-95a0-fc6f7245daa3] c.e.f.log.LogTestController : [INFO] 안내
2026-08-27 07:56:04 WARN  [1d1b47ae-5eb6-4b13-95a0-fc6f7245daa3] c.e.f.log.LogTestController : [WARN] 위험
2026-08-27 07:56:04 ERROR [1d1b47ae-5eb6-4b13-95a0-fc6f7245daa3] c.e.f.log.LogTestController : [ERROR] 에러
2026-08-27 07:56:04 INFO  [4411a3b5-cbf9-4211-9779-98f7ec87ea7a] c.e.f.log.LogTestController : [INFO] 안내
2026-08-27 07:56:04 WARN  [4411a3b5-cbf9-4211-9779-98f7ec87ea7a] c.e.f.log.LogTestController : [WARN] 위험
2026-08-27 07:56:04 ERROR [4411a3b5-cbf9-4211-9779-98f7ec87ea7a] c.e.f.log.LogTestController : [ERROR] 에러
2026-08-27 07:56:05 INFO  [600cd724-1b36-4422-bdfc-807f51dd09bd] c.e.f.log.LogTestController : [INFO] 안내
2026-08-27 07:56:05 WARN  [600cd724-1b36-4422-bdfc-807f51dd09bd] c.e.f.log.LogTestController : [WARN] 위험
2026-08-27 07:56:05 ERROR [600cd724-1b36-4422-bdfc-807f51dd09bd] c.e.f.log.LogTestController : [ERROR] 에러
2026-08-27 07:56:05 INFO  [23f29fc5-f088-4680-8108-60e5d2900ad0] c.e.f.log.LogTestController : [INFO] 안내
2026-08-27 07:56:05 WARN  [23f29fc5-f088-4680-8108-60e5d2900ad0] c.e.f.log.LogTestController : [WARN] 위험
2026-08-27 07:56:05 ERROR [23f29fc5-f088-4680-8108-60e5d2900ad0] c.e.f.log.LogTestController : [ERROR] 에러
2026-08-27 07:56:05 INFO  [67c2c409-3792-45b7-9f16-d1498070ae7b] c.e.f.log.LogTestController : [INFO] 안내
2026-08-27 07:56:05 WARN  [67c2c409-3792-45b7-9f16-d1498070ae7b] c.e.f.log.LogTestController : [WARN] 위험
2026-08-27 07:56:05 ERROR [67c2c409-3792-45b7-9f16-d1498070ae7b] c.e.f.log.LogTestController : [ERROR] 에러
2026-08-27 07:56:05 INFO  [406b7e46-3525-4dd6-b74e-6c5bebfd2d81] c.e.f.log.LogTestController : [INFO] 안내
2026-08-27 07:56:05 WARN  [406b7e46-3525-4dd6-b74e-6c5bebfd2d81] c.e.f.log.LogTestController : [WARN] 위험
2026-08-27 07:56:05 ERROR [406b7e46-3525-4dd6-b74e-6c5bebfd2d81] c.e.f.log.LogTestController : [ERROR] 에러
2026-08-27 07:56:05 INFO  [941c0782-0408-4046-ad07-7514f42a46b4] c.e.f.log.LogTestController : [INFO] 안내
2026-08-27 07:56:05 WARN  [941c0782-0408-4046-ad07-7514f42a46b4] c.e.f.log.LogTestController : [WARN] 위험
2026-08-27 07:56:05 ERROR [941c0782-0408-4046-ad07-7514f42a46b4] c.e.f.log.LogTestController : [ERROR] 에러
2026-08-27 07:56:06 INFO  [6a80ae89-a7b2-4c7f-9a89-607e3152c5b9] c.e.f.log.LogTestController : [INFO] 안내
2026-08-27 07:56:06 WARN  [6a80ae89-a7b2-4c7f-9a89-607e3152c5b9] c.e.f.log.LogTestController : [WARN] 위험
2026-08-27 07:56:06 ERROR [6a80ae89-a7b2-4c7f-9a89-607e3152c5b9] c.e.f.log.LogTestController : [ERROR] 에러
2026-08-27 07:56:06 INFO  [a2419b68-c037-4ce9-8b7f-4fef9a275827] c.e.f.log.LogTestController : [INFO] 안내
2026-08-27 07:56:06 WARN  [a2419b68-c037-4ce9-8b7f-4fef9a275827] c.e.f.log.LogTestController : [WARN] 위험
2026-08-27 07:56:06 ERROR [a2419b68-c037-4ce9-8b7f-4fef9a275827] c.e.f.log.LogTestController : [ERROR] 에러
2026-08-27 07:56:06 INFO  [fc4d35cc-240f-46be-9c2a-d07af35fd231] c.e.f.log.LogTestController : [INFO] 안내
2026-08-27 07:56:06 WARN  [fc4d35cc-240f-46be-9c2a-d07af35fd231] c.e.f.log.LogTestController : [WARN] 위험
2026-08-27 07:56:06 ERROR [fc4d35cc-240f-46be-9c2a-d07af35fd231] c.e.f.log.LogTestController : [ERROR] 에러
2026-08-27 07:56:06 INFO  [16f3ad24-423e-40d8-8bfb-63e53c3f90ae] c.e.f.log.LogTestController : [INFO] 안내
2026-08-27 07:56:06 WARN  [16f3ad24-423e-40d8-8bfb-63e53c3f90ae] c.e.f.log.LogTestController : [WARN] 위험
2026-08-27 07:56:06 ERROR [16f3ad24-423e-40d8-8bfb-63e53c3f90ae] c.e.f.log.LogTestController : [ERROR] 에러
2026-08-27 07:56:07 INFO  [b5c3b907-c6aa-46e3-8e82-d5418e8c36ff] c.e.f.log.LogTestController : [INFO] 안내
2026-08-27 07:56:07 WARN  [b5c3b907-c6aa-46e3-8e82-d5418e8c36ff] c.e.f.log.LogTestController : [WARN] 위험
2026-08-27 07:56:07 ERROR [b5c3b907-c6aa-46e3-8e82-d5418e8c36ff] c.e.f.log.LogTestController : [ERROR] 에러
2026-08-27 07:56:07 INFO  [832abd2b-3d38-4220-9132-11aea58c4c5f] c.e.f.log.LogTestController : [INFO] 안내
2026-08-27 07:56:07 WARN  [832abd2b-3d38-4220-9132-11aea58c4c5f] c.e.f.log.LogTestController : [WARN] 위험
2026-08-27 07:56:07 ERROR [832abd2b-3d38-4220-9132-11aea58c4c5f] c.e.f.log.LogTestController : [ERROR] 에러
2026-08-27 07:56:08 INFO  [d14b152b-6d67-408a-9528-320cf73dd60d] c.e.f.log.LogTestController : [INFO] 안내
2026-08-27 07:56:08 WARN  [d14b152b-6d67-408a-9528-320cf73dd60d] c.e.f.log.LogTestController : [WARN] 위험
2026-08-27 07:56:08 ERROR [d14b152b-6d67-408a-9528-320cf73dd60d] c.e.f.log.LogTestController : [ERROR] 에러
2026-08-27 07:56:08 INFO  [7823d10e-a3fa-473e-9eaa-6d97e9327519] c.e.f.log.LogTestController : [INFO] 안내
2026-08-27 07:56:08 WARN  [7823d10e-a3fa-473e-9eaa-6d97e9327519] c.e.f.log.LogTestController : [WARN] 위험
2026-08-27 07:56:08 ERROR [7823d10e-a3fa-473e-9eaa-6d97e9327519] c.e.f.log.LogTestController : [ERROR] 에러
2026-08-27 07:56:08 INFO  [0dce7ee4-356b-40d4-a5f5-c137a648285a] c.e.f.log.LogTestController : [INFO] 안내
2026-08-27 07:56:08 WARN  [0dce7ee4-356b-40d4-a5f5-c137a648285a] c.e.f.log.LogTestController : [WARN] 위험
2026-08-27 07:56:08 ERROR [0dce7ee4-356b-40d4-a5f5-c137a648285a] c.e.f.log.LogTestController : [ERROR] 에러
2026-08-27 07:56:08 INFO  [c24f336d-cdd7-45a6-a373-619ce7238b6e] c.e.f.log.LogTestController : [INFO] 안내
2026-08-27 07:56:08 WARN  [c24f336d-cdd7-45a6-a373-619ce7238b6e] c.e.f.log.LogTestController : [WARN] 위험
2026-08-27 07:56:08 ERROR [c24f336d-cdd7-45a6-a373-619ce7238b6e] c.e.f.log.LogTestController : [ERROR] 에러
2026-08-27 07:56:09 INFO  [8e4d5493-3903-4e96-8f39-e6b8e313aca1] c.e.f.log.LogTestController : [INFO] 안내
2026-08-27 07:56:09 WARN  [8e4d5493-3903-4e96-8f39-e6b8e313aca1] c.e.f.log.LogTestController : [WARN] 위험
2026-08-27 07:56:09 ERROR [8e4d5493-3903-4e96-8f39-e6b8e313aca1] c.e.f.log.LogTestController : [ERROR] 에러
2026-08-27 07:56:09 INFO  [f4378d74-90cc-4073-b0de-6b8d07411934] c.e.f.log.LogTestController : [INFO] 안내
2026-08-27 07:56:09 WARN  [f4378d74-90cc-4073-b0de-6b8d07411934] c.e.f.log.LogTestController : [WARN] 위험
2026-08-27 07:56:09 ERROR [f4378d74-90cc-4073-b0de-6b8d07411934] c.e.f.log.LogTestController : [ERROR] 에러
2026-08-27 07:56:09 INFO  [5dfa5e36-ed6a-4a11-8bc7-39aeabe19e40] c.e.f.log.LogTestController : [INFO] 안내
2026-08-27 07:56:09 WARN  [5dfa5e36-ed6a-4a11-8bc7-39aeabe19e40] c.e.f.log.LogTestController : [WARN] 위험
2026-08-27 07:56:09 ERROR [5dfa5e36-ed6a-4a11-8bc7-39aeabe19e40] c.e.f.log.LogTestController : [ERROR] 에러
2026-08-27 07:56:09 INFO  [aff2a2c5-b7bb-4f2c-b0ac-09107229c4bf] c.e.f.log.LogTestController : [INFO] 안내
2026-08-27 07:56:09 WARN  [aff2a2c5-b7bb-4f2c-b0ac-09107229c4bf] c.e.f.log.LogTestController : [WARN] 위험
2026-08-27 07:56:09 ERROR [aff2a2c5-b7bb-4f2c-b0ac-09107229c4bf] c.e.f.log.LogTestController : [ERROR] 에러
2026-08-27 07:56:09 INFO  [8d300ca8-a1c0-4dbf-ba7d-65cb770ef81f] c.e.f.log.LogTestController : [INFO] 안내
2026-08-27 07:56:09 WARN  [8d300ca8-a1c0-4dbf-ba7d-65cb770ef81f] c.e.f.log.LogTestController : [WARN] 위험
2026-08-27 07:56:09 ERROR [8d300ca8-a1c0-4dbf-ba7d-65cb770ef81f] c.e.f.log.LogTestController : [ERROR] 에러
2026-08-27 07:56:10 INFO  [4a5a6350-5f6d-48cb-862c-7cb54db335cb] c.e.f.log.LogTestController : [INFO] 안내
2026-08-27 07:56:10 WARN  [4a5a6350-5f6d-48cb-862c-7cb54db335cb] c.e.f.log.LogTestController : [WARN] 위험
2026-08-27 07:56:10 ERROR [4a5a6350-5f6d-48cb-862c-7cb54db335cb] c.e.f.log.LogTestController : [ERROR] 에러
2026-08-27 07:56:10 INFO  [34f1ef54-3418-4511-89c4-e57ede926383] c.e.f.log.LogTestController : [INFO] 안내
2026-08-27 07:56:10 WARN  [34f1ef54-3418-4511-89c4-e57ede926383] c.e.f.log.LogTestController : [WARN] 위험
2026-08-27 07:56:10 ERROR [34f1ef54-3418-4511-89c4-e57ede926383] c.e.f.log.LogTestController : [ERROR] 에러
2026-08-27 07:56:11 INFO  [474b32cd-7f26-441f-9ad1-5ae297a106ad] c.e.f.log.LogTestController : [INFO] 안내
2026-08-27 07:56:11 WARN  [474b32cd-7f26-441f-9ad1-5ae297a106ad] c.e.f.log.LogTestController : [WARN] 위험
2026-08-27 07:56:11 ERROR [474b32cd-7f26-441f-9ad1-5ae297a106ad] c.e.f.log.LogTestController : [ERROR] 에러
